  Determinando los proyectos que se van a restaurar...
  Todos los proyectos están actualizados para la restauración.
  Blanquita.Domain -> C:\Users\B10 Caja 2\source\repos\Blanquita\src\Blanquita.Domain\bin\Debug\net9.0\Blanquita.Domain.dll
  Blanquita.Application -> C:\Users\B10 Caja 2\source\repos\Blanquita\src\Blanquita.Application\bin\Debug\net9.0\Blanquita.Application.dll
C:\Users\B10 Caja 2\source\repos\Blanquita\tests\Blanquita.Domain.Tests\Entities\CashRegisterTests.cs(11,66): error CS1503: Argumento 3: no se puede convertir de 'int' a 'string' [C:\Users\B10 Caja 2\source\repos\Blanquita\tests\Blanquita.Domain.Tests\Blanquita.Domain.Tests.csproj]
C:\Users\B10 Caja 2\source\repos\Blanquita\tests\Blanquita.Domain.Tests\Entities\CashRegisterTests.cs(11,75): error CS1503: Argumento 5: no se puede convertir de 'bool' a 'int' [C:\Users\B10 Caja 2\source\repos\Blanquita\tests\Blanquita.Domain.Tests\Blanquita.Domain.Tests.csproj]
C:\Users\B10 Caja 2\source\repos\Blanquita\tests\Blanquita.Domain.Tests\Entities\CashRegisterTests.cs(24,61): error CS7036: No se ha dado ningún argumento que corresponda al parámetro requerido "branchId" de "CashRegister.Create(string, string, string, int, int, bool)" [C:\Users\B10 Caja 2\source\repos\Blanquita\tests\Blanquita.Domain.Tests\Blanquita.Domain.Tests.csproj]
C:\Users\B10 Caja 2\source\repos\Blanquita\tests\Blanquita.Domain.Tests\Entities\CashRegisterTests.cs(30,32): error CS7036: No se ha dado ningún argumento que corresponda al parámetro requerido "branchId" de "CashRegister.Create(string, string, string, int, int, bool)" [C:\Users\B10 Caja 2\source\repos\Blanquita\tests\Blanquita.Domain.Tests\Blanquita.Domain.Tests.csproj]
C:\Users\B10 Caja 2\source\repos\Blanquita\tests\Blanquita.Domain.Tests\Entities\CashRegisterTests.cs(38,32): error CS7036: No se ha dado ningún argumento que corresponda al parámetro requerido "branchId" de "CashRegister.Create(string, string, string, int, int, bool)" [C:\Users\B10 Caja 2\source\repos\Blanquita\tests\Blanquita.Domain.Tests\Blanquita.Domain.Tests.csproj]
C:\Users\B10 Caja 2\source\repos\Blanquita\tests\Blanquita.Domain.Tests\Entities\CashRegisterTests.cs(48,32): error CS7036: No se ha dado ningún argumento que corresponda al parámetro requerido "branchId" de "CashRegister.Create(string, string, string, int, int, bool)" [C:\Users\B10 Caja 2\source\repos\Blanquita\tests\Blanquita.Domain.Tests\Blanquita.Domain.Tests.csproj]
C:\Users\B10 Caja 2\source\repos\Blanquita\tests\Blanquita.Domain.Tests\Entities\CashRegisterTests.cs(56,62): error CS1503: Argumento 3: no se puede convertir de 'int' a 'string' [C:\Users\B10 Caja 2\source\repos\Blanquita\tests\Blanquita.Domain.Tests\Blanquita.Domain.Tests.csproj]
C:\Users\B10 Caja 2\source\repos\Blanquita\tests\Blanquita.Domain.Tests\Entities\CashRegisterTests.cs(56,71): error CS1503: Argumento 5: no se puede convertir de 'bool' a 'int' [C:\Users\B10 Caja 2\source\repos\Blanquita\tests\Blanquita.Domain.Tests\Blanquita.Domain.Tests.csproj]
C:\Users\B10 Caja 2\source\repos\Blanquita\tests\Blanquita.Application.Tests\Mappings\CashRegisterMapperTests.cs(13,65): error CS1503: Argumento 3: no se puede convertir de 'int' a 'string' [C:\Users\B10 Caja 2\source\repos\Blanquita\tests\Blanquita.Application.Tests\Blanquita.Application.Tests.csproj]
C:\Users\B10 Caja 2\source\repos\Blanquita\tests\Blanquita.Application.Tests\Mappings\CashRegisterMapperTests.cs(13,74): error CS1503: Argumento 5: no se puede convertir de 'bool' a 'int' [C:\Users\B10 Caja 2\source\repos\Blanquita\tests\Blanquita.Application.Tests\Blanquita.Application.Tests.csproj]
C:\Users\B10 Caja 2\source\repos\Blanquita\tests\Blanquita.Application.Tests\Mappings\CashRegisterMapperTests.cs(44,62): error CS1503: Argumento 3: no se puede convertir de 'int' a 'string' [C:\Users\B10 Caja 2\source\repos\Blanquita\tests\Blanquita.Application.Tests\Blanquita.Application.Tests.csproj]
C:\Users\B10 Caja 2\source\repos\Blanquita\tests\Blanquita.Application.Tests\Mappings\CashRegisterMapperTests.cs(44,71): error CS1503: Argumento 5: no se puede convertir de 'bool' a 'int' [C:\Users\B10 Caja 2\source\repos\Blanquita\tests\Blanquita.Application.Tests\Blanquita.Application.Tests.csproj]
  Blanquita.Infrastructure -> C:\Users\B10 Caja 2\source\repos\Blanquita\src\Blanquita.Infrastructure\bin\Debug\net9.0\Blanquita.Infrastructure.dll
C:\Users\B10 Caja 2\source\repos\Blanquita\tests\Blanquita.Infrastructure.Tests\Services\AuthenticationServiceTests.cs(22,35): warning CS8625: No se puede convertir un literal NULL en un tipo de referencia que no acepta valores NULL. [C:\Users\B10 Caja 2\source\repos\Blanquita\tests\Blanquita.Infrastructure.Tests\Blanquita.Infrastructure.Tests.csproj]
C:\Users\B10 Caja 2\source\repos\Blanquita\tests\Blanquita.Infrastructure.Tests\Services\AuthenticationServiceTests.cs(22,41): warning CS8625: No se puede convertir un literal NULL en un tipo de referencia que no acepta valores NULL. [C:\Users\B10 Caja 2\source\repos\Blanquita\tests\Blanquita.Infrastructure.Tests\Blanquita.Infrastructure.Tests.csproj]
C:\Users\B10 Caja 2\source\repos\Blanquita\tests\Blanquita.Infrastructure.Tests\Services\AuthenticationServiceTests.cs(22,47): warning CS8625: No se puede convertir un literal NULL en un tipo de referencia que no acepta valores NULL. [C:\Users\B10 Caja 2\source\repos\Blanquita\tests\Blanquita.Infrastructure.Tests\Blanquita.Infrastructure.Tests.csproj]
C:\Users\B10 Caja 2\source\repos\Blanquita\tests\Blanquita.Infrastructure.Tests\Services\AuthenticationServiceTests.cs(22,53): warning CS8625: No se puede convertir un literal NULL en un tipo de referencia que no acepta valores NULL. [C:\Users\B10 Caja 2\source\repos\Blanquita\tests\Blanquita.Infrastructure.Tests\Blanquita.Infrastructure.Tests.csproj]
C:\Users\B10 Caja 2\source\repos\Blanquita\tests\Blanquita.Infrastructure.Tests\Services\AuthenticationServiceTests.cs(22,59): warning CS8625: No se puede convertir un literal NULL en un tipo de referencia que no acepta valores NULL. [C:\Users\B10 Caja 2\source\repos\Blanquita\tests\Blanquita.Infrastructure.Tests\Blanquita.Infrastructure.Tests.csproj]
C:\Users\B10 Caja 2\source\repos\Blanquita\tests\Blanquita.Infrastructure.Tests\Services\AuthenticationServiceTests.cs(22,65): warning CS8625: No se puede convertir un literal NULL en un tipo de referencia que no acepta valores NULL. [C:\Users\B10 Caja 2\source\repos\Blanquita\tests\Blanquita.Infrastructure.Tests\Blanquita.Infrastructure.Tests.csproj]
C:\Users\B10 Caja 2\source\repos\Blanquita\tests\Blanquita.Infrastructure.Tests\Services\AuthenticationServiceTests.cs(22,71): warning CS8625: No se puede convertir un literal NULL en un tipo de referencia que no acepta valores NULL. [C:\Users\B10 Caja 2\source\repos\Blanquita\tests\Blanquita.Infrastructure.Tests\Blanquita.Infrastructure.Tests.csproj]
C:\Users\B10 Caja 2\source\repos\Blanquita\tests\Blanquita.Infrastructure.Tests\Services\AuthenticationServiceTests.cs(22,77): warning CS8625: No se puede convertir un literal NULL en un tipo de referencia que no acepta valores NULL. [C:\Users\B10 Caja 2\source\repos\Blanquita\tests\Blanquita.Infrastructure.Tests\Blanquita.Infrastructure.Tests.csproj]
C:\Users\B10 Caja 2\source\repos\Blanquita\tests\Blanquita.Infrastructure.Tests\Services\AuthenticationServiceTests.cs(31,13): warning CS8625: No se puede convertir un literal NULL en un tipo de referencia que no acepta valores NULL. [C:\Users\B10 Caja 2\source\repos\Blanquita\tests\Blanquita.Infrastructure.Tests\Blanquita.Infrastructure.Tests.csproj]
C:\Users\B10 Caja 2\source\repos\Blanquita\tests\Blanquita.Infrastructure.Tests\Services\AuthenticationServiceTests.cs(31,19): warning CS8625: No se puede convertir un literal NULL en un tipo de referencia que no acepta valores NULL. [C:\Users\B10 Caja 2\source\repos\Blanquita\tests\Blanquita.Infrastructure.Tests\Blanquita.Infrastructure.Tests.csproj]
C:\Users\B10 Caja 2\source\repos\Blanquita\tests\Blanquita.Infrastructure.Tests\Services\AuthenticationServiceTests.cs(31,25): warning CS8625: No se puede convertir un literal NULL en un tipo de referencia que no acepta valores NULL. [C:\Users\B10 Caja 2\source\repos\Blanquita\tests\Blanquita.Infrastructure.Tests\Blanquita.Infrastructure.Tests.csproj]
C:\Users\B10 Caja 2\source\repos\Blanquita\tests\Blanquita.Infrastructure.Tests\Services\AuthenticationServiceTests.cs(31,31): warning CS8625: No se puede convertir un literal NULL en un tipo de referencia que no acepta valores NULL. [C:\Users\B10 Caja 2\source\repos\Blanquita\tests\Blanquita.Infrastructure.Tests\Blanquita.Infrastructure.Tests.csproj]
C:\Users\B10 Caja 2\source\repos\Blanquita\tests\Blanquita.Infrastructure.Tests\Services\BranchServiceTests.cs(12,24): error CS7036: No se ha dado ningún argumento que corresponda al parámetro requerido "context" de "BranchService.BranchService(BlanquitaDbContext, ILogger<BranchService>)" [C:\Users\B10 Caja 2\source\repos\Blanquita\tests\Blanquita.Infrastructure.Tests\Blanquita.Infrastructure.Tests.csproj]
C:\Users\B10 Caja 2\source\repos\Blanquita\tests\Blanquita.Infrastructure.Tests\ExternalServices\Printing\PrinterCommandBuilderTests.cs(120,13): warning CS0618: 'CashCutDto.GrandTotal' está obsoleto: 'Use CollectionsTotal instead' [C:\Users\B10 Caja 2\source\repos\Blanquita\tests\Blanquita.Infrastructure.Tests\Blanquita.Infrastructure.Tests.csproj]
C:\Users\B10 Caja 2\source\repos\Blanquita\tests\Blanquita.Infrastructure.Tests\Services\CashRegisterServiceTests.cs(25,35): error CS7036: No se ha dado ningún argumento que corresponda al parámetro requerido "branchId" de "CashRegister.Create(string, string, string, int, int, bool)" [C:\Users\B10 Caja 2\source\repos\Blanquita\tests\Blanquita.Infrastructure.Tests\Blanquita.Infrastructure.Tests.csproj]
C:\Users\B10 Caja 2\source\repos\Blanquita\tests\Blanquita.Infrastructure.Tests\Services\CashRegisterServiceTests.cs(61,71): error CS1503: Argumento 3: no se puede convertir de 'int' a 'string' [C:\Users\B10 Caja 2\source\repos\Blanquita\tests\Blanquita.Infrastructure.Tests\Blanquita.Infrastructure.Tests.csproj]
C:\Users\B10 Caja 2\source\repos\Blanquita\tests\Blanquita.Infrastructure.Tests\Services\CashRegisterServiceTests.cs(61,80): error CS1503: Argumento 5: no se puede convertir de 'bool' a 'int' [C:\Users\B10 Caja 2\source\repos\Blanquita\tests\Blanquita.Infrastructure.Tests\Blanquita.Infrastructure.Tests.csproj]
C:\Users\B10 Caja 2\source\repos\Blanquita\tests\Blanquita.Infrastructure.Tests\Services\CashRegisterServiceTests.cs(89,31): error CS7036: No se ha dado ningún argumento que corresponda al parámetro requerido "branchId" de "CashRegister.Create(string, string, string, int, int, bool)" [C:\Users\B10 Caja 2\source\repos\Blanquita\tests\Blanquita.Infrastructure.Tests\Blanquita.Infrastructure.Tests.csproj]
C:\Users\B10 Caja 2\source\repos\Blanquita\tests\Blanquita.Infrastructure.Tests\Services\CashRegisterServiceTests.cs(90,31): error CS7036: No se ha dado ningún argumento que corresponda al parámetro requerido "branchId" de "CashRegister.Create(string, string, string, int, int, bool)" [C:\Users\B10 Caja 2\source\repos\Blanquita\tests\Blanquita.Infrastructure.Tests\Blanquita.Infrastructure.Tests.csproj]
C:\Users\B10 Caja 2\source\repos\Blanquita\tests\Blanquita.Infrastructure.Tests\Services\CashRegisterServiceTests.cs(104,65): error CS1503: Argumento 3: no se puede convertir de 'int' a 'string' [C:\Users\B10 Caja 2\source\repos\Blanquita\tests\Blanquita.Infrastructure.Tests\Blanquita.Infrastructure.Tests.csproj]
C:\Users\B10 Caja 2\source\repos\Blanquita\tests\Blanquita.Infrastructure.Tests\Services\CashRegisterServiceTests.cs(104,74): error CS1503: Argumento 5: no se puede convertir de 'bool' a 'int' [C:\Users\B10 Caja 2\source\repos\Blanquita\tests\Blanquita.Infrastructure.Tests\Blanquita.Infrastructure.Tests.csproj]
C:\Users\B10 Caja 2\source\repos\Blanquita\tests\Blanquita.Infrastructure.Tests\Services\CashRegisterServiceTests.cs(107,35): error CS7036: No se ha dado ningún argumento que corresponda al parámetro requerido "branchId" de "CashRegister.Create(string, string, string, int, int, bool)" [C:\Users\B10 Caja 2\source\repos\Blanquita\tests\Blanquita.Infrastructure.Tests\Blanquita.Infrastructure.Tests.csproj]
  Blanquita.Web -> C:\Users\B10 Caja 2\source\repos\Blanquita\src\Blanquita.Web\bin\Debug\net9.0\Blanquita.Web.dll
  Blanquita.Web.Tests -> C:\Users\B10 Caja 2\source\repos\Blanquita\tests\Blanquita.Web.Tests\bin\Debug\net9.0\Blanquita.Web.Tests.dll

ERROR al compilar.

C:\Users\B10 Caja 2\source\repos\Blanquita\tests\Blanquita.Infrastructure.Tests\Services\AuthenticationServiceTests.cs(22,35): warning CS8625: No se puede convertir un literal NULL en un tipo de referencia que no acepta valores NULL. [C:\Users\B10 Caja 2\source\repos\Blanquita\tests\Blanquita.Infrastructure.Tests\Blanquita.Infrastructure.Tests.csproj]
C:\Users\B10 Caja 2\source\repos\Blanquita\tests\Blanquita.Infrastructure.Tests\Services\AuthenticationServiceTests.cs(22,41): warning CS8625: No se puede convertir un literal NULL en un tipo de referencia que no acepta valores NULL. [C:\Users\B10 Caja 2\source\repos\Blanquita\tests\Blanquita.Infrastructure.Tests\Blanquita.Infrastructure.Tests.csproj]
C:\Users\B10 Caja 2\source\repos\Blanquita\tests\Blanquita.Infrastructure.Tests\Services\AuthenticationServiceTests.cs(22,47): warning CS8625: No se puede convertir un literal NULL en un tipo de referencia que no acepta valores NULL. [C:\Users\B10 Caja 2\source\repos\Blanquita\tests\Blanquita.Infrastructure.Tests\Blanquita.Infrastructure.Tests.csproj]
C:\Users\B10 Caja 2\source\repos\Blanquita\tests\Blanquita.Infrastructure.Tests\Services\AuthenticationServiceTests.cs(22,53): warning CS8625: No se puede convertir un literal NULL en un tipo de referencia que no acepta valores NULL. [C:\Users\B10 Caja 2\source\repos\Blanquita\tests\Blanquita.Infrastructure.Tests\Blanquita.Infrastructure.Tests.csproj]
C:\Users\B10 Caja 2\source\repos\Blanquita\tests\Blanquita.Infrastructure.Tests\Services\AuthenticationServiceTests.cs(22,59): warning CS8625: No se puede convertir un literal NULL en un tipo de referencia que no acepta valores NULL. [C:\Users\B10 Caja 2\source\repos\Blanquita\tests\Blanquita.Infrastructure.Tests\Blanquita.Infrastructure.Tests.csproj]
C:\Users\B10 Caja 2\source\repos\Blanquita\tests\Blanquita.Infrastructure.Tests\Services\AuthenticationServiceTests.cs(22,65): warning CS8625: No se puede convertir un literal NULL en un tipo de referencia que no acepta valores NULL. [C:\Users\B10 Caja 2\source\repos\Blanquita\tests\Blanquita.Infrastructure.Tests\Blanquita.Infrastructure.Tests.csproj]
C:\Users\B10 Caja 2\source\repos\Blanquita\tests\Blanquita.Infrastructure.Tests\Services\AuthenticationServiceTests.cs(22,71): warning CS8625: No se puede convertir un literal NULL en un tipo de referencia que no acepta valores NULL. [C:\Users\B10 Caja 2\source\repos\Blanquita\tests\Blanquita.Infrastructure.Tests\Blanquita.Infrastructure.Tests.csproj]
C:\Users\B10 Caja 2\source\repos\Blanquita\tests\Blanquita.Infrastructure.Tests\Services\AuthenticationServiceTests.cs(22,77): warning CS8625: No se puede convertir un literal NULL en un tipo de referencia que no acepta valores NULL. [C:\Users\B10 Caja 2\source\repos\Blanquita\tests\Blanquita.Infrastructure.Tests\Blanquita.Infrastructure.Tests.csproj]
C:\Users\B10 Caja 2\source\repos\Blanquita\tests\Blanquita.Infrastructure.Tests\Services\AuthenticationServiceTests.cs(31,13): warning CS8625: No se puede convertir un literal NULL en un tipo de referencia que no acepta valores NULL. [C:\Users\B10 Caja 2\source\repos\Blanquita\tests\Blanquita.Infrastructure.Tests\Blanquita.Infrastructure.Tests.csproj]
C:\Users\B10 Caja 2\source\repos\Blanquita\tests\Blanquita.Infrastructure.Tests\Services\AuthenticationServiceTests.cs(31,19): warning CS8625: No se puede convertir un literal NULL en un tipo de referencia que no acepta valores NULL. [C:\Users\B10 Caja 2\source\repos\Blanquita\tests\Blanquita.Infrastructure.Tests\Blanquita.Infrastructure.Tests.csproj]
C:\Users\B10 Caja 2\source\repos\Blanquita\tests\Blanquita.Infrastructure.Tests\Services\AuthenticationServiceTests.cs(31,25): warning CS8625: No se puede convertir un literal NULL en un tipo de referencia que no acepta valores NULL. [C:\Users\B10 Caja 2\source\repos\Blanquita\tests\Blanquita.Infrastructure.Tests\Blanquita.Infrastructure.Tests.csproj]
C:\Users\B10 Caja 2\source\repos\Blanquita\tests\Blanquita.Infrastructure.Tests\Services\AuthenticationServiceTests.cs(31,31): warning CS8625: No se puede convertir un literal NULL en un tipo de referencia que no acepta valores NULL. [C:\Users\B10 Caja 2\source\repos\Blanquita\tests\Blanquita.Infrastructure.Tests\Blanquita.Infrastructure.Tests.csproj]
C:\Users\B10 Caja 2\source\repos\Blanquita\tests\Blanquita.Infrastructure.Tests\ExternalServices\Printing\PrinterCommandBuilderTests.cs(120,13): warning CS0618: 'CashCutDto.GrandTotal' está obsoleto: 'Use CollectionsTotal instead' [C:\Users\B10 Caja 2\source\repos\Blanquita\tests\Blanquita.Infrastructure.Tests\Blanquita.Infrastructure.Tests.csproj]
C:\Users\B10 Caja 2\source\repos\Blanquita\tests\Blanquita.Domain.Tests\Entities\CashRegisterTests.cs(11,66): error CS1503: Argumento 3: no se puede convertir de 'int' a 'string' [C:\Users\B10 Caja 2\source\repos\Blanquita\tests\Blanquita.Domain.Tests\Blanquita.Domain.Tests.csproj]
C:\Users\B10 Caja 2\source\repos\Blanquita\tests\Blanquita.Domain.Tests\Entities\CashRegisterTests.cs(11,75): error CS1503: Argumento 5: no se puede convertir de 'bool' a 'int' [C:\Users\B10 Caja 2\source\repos\Blanquita\tests\Blanquita.Domain.Tests\Blanquita.Domain.Tests.csproj]
C:\Users\B10 Caja 2\source\repos\Blanquita\tests\Blanquita.Domain.Tests\Entities\CashRegisterTests.cs(24,61): error CS7036: No se ha dado ningún argumento que corresponda al parámetro requerido "branchId" de "CashRegister.Create(string, string, string, int, int, bool)" [C:\Users\B10 Caja 2\source\repos\Blanquita\tests\Blanquita.Domain.Tests\Blanquita.Domain.Tests.csproj]
C:\Users\B10 Caja 2\source\repos\Blanquita\tests\Blanquita.Domain.Tests\Entities\CashRegisterTests.cs(30,32): error CS7036: No se ha dado ningún argumento que corresponda al parámetro requerido "branchId" de "CashRegister.Create(string, string, string, int, int, bool)" [C:\Users\B10 Caja 2\source\repos\Blanquita\tests\Blanquita.Domain.Tests\Blanquita.Domain.Tests.csproj]
C:\Users\B10 Caja 2\source\repos\Blanquita\tests\Blanquita.Domain.Tests\Entities\CashRegisterTests.cs(38,32): error CS7036: No se ha dado ningún argumento que corresponda al parámetro requerido "branchId" de "CashRegister.Create(string, string, string, int, int, bool)" [C:\Users\B10 Caja 2\source\repos\Blanquita\tests\Blanquita.Domain.Tests\Blanquita.Domain.Tests.csproj]
C:\Users\B10 Caja 2\source\repos\Blanquita\tests\Blanquita.Domain.Tests\Entities\CashRegisterTests.cs(48,32): error CS7036: No se ha dado ningún argumento que corresponda al parámetro requerido "branchId" de "CashRegister.Create(string, string, string, int, int, bool)" [C:\Users\B10 Caja 2\source\repos\Blanquita\tests\Blanquita.Domain.Tests\Blanquita.Domain.Tests.csproj]
C:\Users\B10 Caja 2\source\repos\Blanquita\tests\Blanquita.Domain.Tests\Entities\CashRegisterTests.cs(56,62): error CS1503: Argumento 3: no se puede convertir de 'int' a 'string' [C:\Users\B10 Caja 2\source\repos\Blanquita\tests\Blanquita.Domain.Tests\Blanquita.Domain.Tests.csproj]
C:\Users\B10 Caja 2\source\repos\Blanquita\tests\Blanquita.Domain.Tests\Entities\CashRegisterTests.cs(56,71): error CS1503: Argumento 5: no se puede convertir de 'bool' a 'int' [C:\Users\B10 Caja 2\source\repos\Blanquita\tests\Blanquita.Domain.Tests\Blanquita.Domain.Tests.csproj]
C:\Users\B10 Caja 2\source\repos\Blanquita\tests\Blanquita.Application.Tests\Mappings\CashRegisterMapperTests.cs(13,65): error CS1503: Argumento 3: no se puede convertir de 'int' a 'string' [C:\Users\B10 Caja 2\source\repos\Blanquita\tests\Blanquita.Application.Tests\Blanquita.Application.Tests.csproj]
C:\Users\B10 Caja 2\source\repos\Blanquita\tests\Blanquita.Application.Tests\Mappings\CashRegisterMapperTests.cs(13,74): error CS1503: Argumento 5: no se puede convertir de 'bool' a 'int' [C:\Users\B10 Caja 2\source\repos\Blanquita\tests\Blanquita.Application.Tests\Blanquita.Application.Tests.csproj]
C:\Users\B10 Caja 2\source\repos\Blanquita\tests\Blanquita.Application.Tests\Mappings\CashRegisterMapperTests.cs(44,62): error CS1503: Argumento 3: no se puede convertir de 'int' a 'string' [C:\Users\B10 Caja 2\source\repos\Blanquita\tests\Blanquita.Application.Tests\Blanquita.Application.Tests.csproj]
C:\Users\B10 Caja 2\source\repos\Blanquita\tests\Blanquita.Application.Tests\Mappings\CashRegisterMapperTests.cs(44,71): error CS1503: Argumento 5: no se puede convertir de 'bool' a 'int' [C:\Users\B10 Caja 2\source\repos\Blanquita\tests\Blanquita.Application.Tests\Blanquita.Application.Tests.csproj]
C:\Users\B10 Caja 2\source\repos\Blanquita\tests\Blanquita.Infrastructure.Tests\Services\BranchServiceTests.cs(12,24): error CS7036: No se ha dado ningún argumento que corresponda al parámetro requerido "context" de "BranchService.BranchService(BlanquitaDbContext, ILogger<BranchService>)" [C:\Users\B10 Caja 2\source\repos\Blanquita\tests\Blanquita.Infrastructure.Tests\Blanquita.Infrastructure.Tests.csproj]
C:\Users\B10 Caja 2\source\repos\Blanquita\tests\Blanquita.Infrastructure.Tests\Services\CashRegisterServiceTests.cs(25,35): error CS7036: No se ha dado ningún argumento que corresponda al parámetro requerido "branchId" de "CashRegister.Create(string, string, string, int, int, bool)" [C:\Users\B10 Caja 2\source\repos\Blanquita\tests\Blanquita.Infrastructure.Tests\Blanquita.Infrastructure.Tests.csproj]
C:\Users\B10 Caja 2\source\repos\Blanquita\tests\Blanquita.Infrastructure.Tests\Services\CashRegisterServiceTests.cs(61,71): error CS1503: Argumento 3: no se puede convertir de 'int' a 'string' [C:\Users\B10 Caja 2\source\repos\Blanquita\tests\Blanquita.Infrastructure.Tests\Blanquita.Infrastructure.Tests.csproj]
C:\Users\B10 Caja 2\source\repos\Blanquita\tests\Blanquita.Infrastructure.Tests\Services\CashRegisterServiceTests.cs(61,80): error CS1503: Argumento 5: no se puede convertir de 'bool' a 'int' [C:\Users\B10 Caja 2\source\repos\Blanquita\tests\Blanquita.Infrastructure.Tests\Blanquita.Infrastructure.Tests.csproj]
C:\Users\B10 Caja 2\source\repos\Blanquita\tests\Blanquita.Infrastructure.Tests\Services\CashRegisterServiceTests.cs(89,31): error CS7036: No se ha dado ningún argumento que corresponda al parámetro requerido "branchId" de "CashRegister.Create(string, string, string, int, int, bool)" [C:\Users\B10 Caja 2\source\repos\Blanquita\tests\Blanquita.Infrastructure.Tests\Blanquita.Infrastructure.Tests.csproj]
C:\Users\B10 Caja 2\source\repos\Blanquita\tests\Blanquita.Infrastructure.Tests\Services\CashRegisterServiceTests.cs(90,31): error CS7036: No se ha dado ningún argumento que corresponda al parámetro requerido "branchId" de "CashRegister.Create(string, string, string, int, int, bool)" [C:\Users\B10 Caja 2\source\repos\Blanquita\tests\Blanquita.Infrastructure.Tests\Blanquita.Infrastructure.Tests.csproj]
C:\Users\B10 Caja 2\source\repos\Blanquita\tests\Blanquita.Infrastructure.Tests\Services\CashRegisterServiceTests.cs(104,65): error CS1503: Argumento 3: no se puede convertir de 'int' a 'string' [C:\Users\B10 Caja 2\source\repos\Blanquita\tests\Blanquita.Infrastructure.Tests\Blanquita.Infrastructure.Tests.csproj]
C:\Users\B10 Caja 2\source\repos\Blanquita\tests\Blanquita.Infrastructure.Tests\Services\CashRegisterServiceTests.cs(104,74): error CS1503: Argumento 5: no se puede convertir de 'bool' a 'int' [C:\Users\B10 Caja 2\source\repos\Blanquita\tests\Blanquita.Infrastructure.Tests\Blanquita.Infrastructure.Tests.csproj]
C:\Users\B10 Caja 2\source\repos\Blanquita\tests\Blanquita.Infrastructure.Tests\Services\CashRegisterServiceTests.cs(107,35): error CS7036: No se ha dado ningún argumento que corresponda al parámetro requerido "branchId" de "CashRegister.Create(string, string, string, int, int, bool)" [C:\Users\B10 Caja 2\source\repos\Blanquita\tests\Blanquita.Infrastructure.Tests\Blanquita.Infrastructure.Tests.csproj]
    13 Advertencia(s)
    21 Errores

Tiempo transcurrido 00:00:04.16
